body_od 19.621 [16.625, 22.979] candidate 20
body_length 30.137 [25.379, 37.783] candidate 30
hex_height 5.18 [4.071, 6.905] candidate 5.2
seat_od 21.19 [17.779, 25.052] candidate 21.5
seat_stack 2.041 [1.357, 3.069] candidate 2
thread_major 16.874 [14.046, 20.095] candidate 18
thread_span 7.142 [5.496, 9.686] candidate 7.5
pitch 1.295 [0.984, 1.774] candidate 1.5
probe_od 11.38 [9.432, 13.607] candidate 11.5
probe_length 16.717 [13.911, 21.193] candidate 17.5
below_seat_reach 24.408 [20.425, 30.783] candidate 25
rear_collar_od 20.405 [17.168, 24.06] candidate 20.5
rear_neck_od 16.481 [13.707, 19.645] candidate 16.5
rear_neck_length 10.281 [8.346, 13.33] candidate 10
wire_exit_od 12.243 [10.111, 14.688] candidate 12.5
wire_exit_length 9.653 [7.804, 12.562] candidate 10
above_seat_length 65.611 [55.914, 81.32] candidate 66
shell_total 90.019 [77.154, 110.953] candidate 91
wire_od 1.256 [0.882, 1.712] candidate 1.3
connector_length 42.605 [31.745, 67.816] candidate 44
connector_od 15.682 [11.221, 21.201] candidate 17
latch_height 3.924 [2.125, 6.415] candidate 4
