{
  "scope": "Frozen candidate, analytical first-span axis; radius5 is a diagnostic, not source-specified passage",
  "input_sha256": "29318b02a494fb131f60b41471bbb9f43100484fab1b39009e0859a0323f3159",
  "script_sha256": "cd72d882e2b2509cfa4f65618f1e87aed5cb1e1624c30b2a45f7394ed449a378",
  "source_module_sha256": "df82f5e70e46fc8eb52ddd0ef418612a30b50ab20c188357a70be8313aad6b4a",
  "tube_outside_declared_lumen": {
    "status": "INCONCLUSIVE",
    "error": "Volume integration did not converge: 0.004009368968054883"
  },
  "original_axis_R1_obstruction": 15.686387633748065,
  "original_axis_R5_obstruction": 378.59131062124044,
  "after_axis_R1_obstruction": 0,
  "after_loft_probe_obstruction": 0,
  "valid": true,
  "solids": 1,
  "removed_stock": 378.59131062124044,
  "added_stock": 0,
  "path": "cad/engine/generated/pump-cover-candidate-20261003/housing-inlet-analytic-diagnostic.step",
  "sha256": "6ed6ec9a8d107e78e3cfbdef8133b02a3af781cab5785b9859b30c6a85817029"
}
