Cannot create cache home directory: '/Users/zacharyfleischmann/.cache/ezdxf', cache files will not be saved.
See also issue https://github.com/mozman/ezdxf/issues/923.
water-pump-drive-hub True 0.00039904788889089104
water-pump-bearing True 0.000274021186015716
water-pump-slinger True 0.0001971073523918676
water-pump-pulley-bolt-1 True 1.3418197625014727e-05
water-pump-pulley-bolt-2 True 1.3418197625014727e-05
water-pump-pulley-bolt-3 True 1.3418197625014727e-05
water-pump-pulley-bolt-4 True 1.3418197625014727e-05
fan-clutch-input-shaft True 2.3670196469538496e-05
fan-clutch-housing True 0.0010291309729950626
fan-clutch-bearing True 0.0002548761740968075
fan-clutch-shaft-seal True 0.0002548761740968075
fan-clutch-drive-rotor True 0.0009059257880608129
fan-clutch-reservoir-partition True 0.0009616680518433895
fan-clutch-front-cover True 0.0010291309729950626
fan-clutch-control-valve True 1.972198492694588e-05
fan-clutch-thermal-spring True 2.5920867983586504e-05
cooling-fan-spider True 1.747131341289787e-05
cooling-fan-blade-1 True 0.00034963397237675053
cooling-fan-rivet-1-1 True 5.243059482040735e-05
cooling-fan-rivet-1-2 True 4.815233199906288e-05
cooling-fan-blade-2 True 0.0005861599925083283
cooling-fan-rivet-2-1 True 5.6605680811117054e-05
cooling-fan-rivet-2-2 True 5.102247342847477e-05
cooling-fan-blade-3 True 0.000941341024315534
cooling-fan-rivet-3-1 True 4.563138702451397e-05
cooling-fan-rivet-3-2 True 4.520120897666402e-05
cooling-fan-blade-4 True 0.00031092004809352147
cooling-fan-rivet-4-1 True 4.751888474174848e-05
cooling-fan-rivet-4-2 True 4.711604719886964e-05
cooling-fan-blade-5 True 4.971818952981266e-05
cooling-fan-rivet-5-1 True 5.401082171374583e-05
cooling-fan-rivet-5-2 True 5.2559560970166785e-05
cooling-fan-blade-6 True 0.0003755117993762269
cooling-fan-rivet-6-1 True 4.643875718102208e-05
cooling-fan-rivet-6-2 True 4.7290866817206734e-05
cooling-fan-blade-7 True 4.971818952981266e-05
cooling-fan-rivet-7-1 True 4.644368317485714e-05
cooling-fan-rivet-7-2 True 4.6811282260250664e-05
cooling-fan-bolt-1 True 1.1615753180649335e-05
cooling-fan-bolt-2 True 1.1615753180649335e-05
cooling-fan-bolt-3 True 1.1615753180649335e-05
cooling-fan-bolt-4 True 1.1615753180649335e-05
water-pump-seal-carrier True 0.0002723284140984106
water-pump-seal-stationary-face True 0.00020998195566335198
water-pump-seal-rotating-face True 0.00020998195566335198
water-pump-seal-shaft-collar True 0.00010901168741384026
water-pump-seal-bellows True 0.00011985973276296136
water-pump-shaft True 9.495540700754646e-05
water-pump-pulley True 0.000853245697840066
heater-pump-return-elbow True 0.00011301244609285277
water-pump-housing False 2.772133457540349e-05
water-pump-gasket True 9.797341907358259e-05
water-pump-impeller True 0.000575239209524625
water-pump-mounting-screw-1 True 1.3780593860701629e-05
water-pump-mounting-screw-2 True 1.3780593860701629e-05
water-pump-mounting-screw-3 True 1.3780593860701629e-05
water-pump-mounting-screw-4 True 1.3780593860701629e-05
block True 9.338815266346501e-05
