Cannot create cache home directory: '/Users/zacharyfleischmann/.cache/ezdxf', cache files will not be saved.
See also issue https://github.com/mozman/ezdxf/issues/923.
BUILD START
water-pump-drive-hub 1 True
water-pump-bearing 1 True
water-pump-slinger 1 True
water-pump-pulley-bolt-1 1 True
water-pump-pulley-bolt-2 1 True
water-pump-pulley-bolt-3 1 True
water-pump-pulley-bolt-4 1 True
fan-clutch-input-shaft 1 True
fan-clutch-housing 1 True
fan-clutch-bearing 1 True
fan-clutch-shaft-seal 1 True
fan-clutch-drive-rotor 1 True
fan-clutch-reservoir-partition 1 True
fan-clutch-front-cover 1 True
fan-clutch-control-valve 1 True
fan-clutch-thermal-spring 1 True
cooling-fan-spider 1 True
cooling-fan-blade-1 1 True
cooling-fan-rivet-1-1 1 True
cooling-fan-rivet-1-2 1 True
cooling-fan-blade-2 1 True
cooling-fan-rivet-2-1 1 True
cooling-fan-rivet-2-2 1 True
cooling-fan-blade-3 1 True
cooling-fan-rivet-3-1 1 True
cooling-fan-rivet-3-2 1 True
cooling-fan-blade-4 1 True
cooling-fan-rivet-4-1 1 True
cooling-fan-rivet-4-2 1 True
cooling-fan-blade-5 1 True
cooling-fan-rivet-5-1 1 True
cooling-fan-rivet-5-2 1 True
cooling-fan-blade-6 1 True
cooling-fan-rivet-6-1 1 True
cooling-fan-rivet-6-2 1 True
cooling-fan-blade-7 1 True
cooling-fan-rivet-7-1 1 True
cooling-fan-rivet-7-2 1 True
cooling-fan-bolt-1 1 True
cooling-fan-bolt-2 1 True
cooling-fan-bolt-3 1 True
cooling-fan-bolt-4 1 True
water-pump-seal-carrier 1 True
water-pump-seal-stationary-face 1 True
water-pump-seal-rotating-face 1 True
water-pump-seal-shaft-collar 1 True
water-pump-seal-bellows 1 True
water-pump-seal-spring 1 True
water-pump-shaft 1 True
water-pump-housing 1 True
water-pump-pulley 1 True
heater-pump-return-elbow 1 True
DONE
