Cannot create cache home directory: '/Users/zacharyfleischmann/.cache/ezdxf', cache files will not be saved.
See also issue https://github.com/mozman/ezdxf/issues/923.
{
  "nominal": {
    "valid": true,
    "solid_counts": [
      1,
      1
    ],
    "socket": {
      "housing": {
        "area_mm2": 603.1857894892407,
        "missing_mm2": 0.0,
        "boolean_done": true
      },
      "tube": {
        "area_mm2": 603.1857894892407,
        "missing_mm2": 0.0,
        "boolean_done": true
      }
    },
    "passage_obstruction_mm3": {
      "inlet": 0.0,
      "heater": 0.0
    },
    "blocked_heater_control_mm3": 5.964908911635708,
    "shaft_axial_gauge_obstruction_mm3": 0.0,
    "body_tube_overlap_mm3": 0.0
  },
  "inch-value": {
    "valid": true,
    "solid_counts": [
      1,
      1
    ],
    "socket": {
      "housing": {
        "area_mm2": 603.1857894892407,
        "missing_mm2": 0.0,
        "boolean_done": true
      },
      "tube": {
        "area_mm2": 603.1857894892407,
        "missing_mm2": 0.0,
        "boolean_done": true
      }
    },
    "passage_obstruction_mm3": {
      "inlet": 0.0,
      "heater": 0.0
    },
    "blocked_heater_control_mm3": 5.964908911603829,
    "shaft_axial_gauge_obstruction_mm3": 0.0,
    "body_tube_overlap_mm3": 0.0
  }
}
