Cannot create cache home directory: '/Users/zacharyfleischmann/.cache/ezdxf', cache files will not be saved.
See also issue https://github.com/mozman/ezdxf/issues/923.
PAIRS 788 INHERITED 0
CHECKED 20
CHECKED 40
CHECKED 60
CHECKED 80
CHECKED 100
CHECKED 120
CHECKED 140
CONFLICT block cylinder-head 10904.369829064168
/Users/zacharyfleischmann/projects/truck/truck-build/.venv-cad/lib/python3.13/site-packages/build123d/exporters3d.py:295: UserWarning: Unknown Compound type, color not set
  doc = _create_xde(to_export, unit)
CONFLICT block head-gasket 1034.4787085085616
CHECKED 160
CHECKED 180
CHECKED 200
CHECKED 220
CHECKED 240
CHECKED 260
CHECKED 280
CHECKED 300
CONFLICT block thermostat-frame 26.943764839572225
CHECKED 320
CHECKED 340
CHECKED 360
CHECKED 380
CHECKED 400
CHECKED 420
CHECKED 440
CHECKED 460
CHECKED 480
CHECKED 500
CHECKED 520
CHECKED 540
CHECKED 560
CONFLICT cylinder-head water-pump-mounting-screw-4 791.6813487046271
CHECKED 580
CHECKED 600
CONFLICT water-pump-housing coolant-outlet-housing 2719.448950366035
CONFLICT water-pump-housing alt-engine-bracket-bolt-1 104.44440571016531
CONFLICT water-pump-housing thermactor-engine-bolt-1 675.4950811912034
CHECKED 620
CONFLICT water-pump-housing alternator-thermactor-common-carrier 5302.064421008778
CONFLICT water-pump-gasket coolant-outlet-housing 127.26532904672906
CONFLICT water-pump-gasket coolant-outlet-gasket 190.89799357008582
CHECKED 640
CONFLICT water-pump-gasket alternator-thermactor-common-carrier 225.23321945747625
CHECKED 660
CONFLICT coolant-outlet-housing water-pump-mounting-screw-4 277.47904105209307
CONFLICT coolant-outlet-gasket water-pump-mounting-screw-4 12.649794401275559
CHECKED 680
CHECKED 700
CHECKED 720
CHECKED 740
CHECKED 760
CONFLICT water-pump-mounting-screw-3 alternator-thermactor-common-carrier 249.91230780174885
CHECKED 780
FAIL 14 0
