Cannot create cache home directory: '/Users/zacharyfleischmann/.cache/ezdxf', cache files will not be saved.
See also issue https://github.com/mozman/ezdxf/issues/923.
water-pump-housing 15898
heater-pump-return-elbow 23804
water-pump-drive-hub 2536
water-pump-pulley 2896
water-pump-impeller 816
water-pump-gasket 3556
water-pump-mounting-screw-1 380
water-pump-mounting-screw-2 380
water-pump-mounting-screw-3 380
water-pump-mounting-screw-4 380
timing-cover 45200
timing-cover-mounting-screw-3 15246
thermactor-engine-bolt-1 380
alternator-thermactor-common-carrier 6902
coolant-outlet-housing 12876
coolant-outlet-gasket 2564
cylinder-head 5254
head-gasket 908
