Cannot create cache home directory: '/Users/zacharyfleischmann/.cache/ezdxf', cache files will not be saved.
See also issue https://github.com/mozman/ezdxf/issues/923.
water-pump-drive-hub True 0.0006872415542602539
water-pump-bearing True 0.00047280788422199294
water-pump-slinger True 0.0003362894058227539
water-pump-pulley-bolt-1 True 1.3418197625014727e-05
water-pump-pulley-bolt-2 True 1.3418197625014727e-05
water-pump-pulley-bolt-3 True 1.3418197625014727e-05
water-pump-pulley-bolt-4 True 1.3418197625014727e-05
fan-clutch-input-shaft True 2.3670196469538496e-05
fan-clutch-housing True 0.0017792606353737028
fan-clutch-bearing True 0.00042386054991538913
fan-clutch-shaft-seal True 0.00042386054991538913
fan-clutch-drive-rotor True 0.0015368461608886719
fan-clutch-reservoir-partition True 0.0016521930694466391
fan-clutch-front-cover True 0.0017792606353737028
fan-clutch-control-valve True 1.972198492694588e-05
fan-clutch-thermal-spring True 2.5920867983586504e-05
cooling-fan-spider True 1.747131341289787e-05
cooling-fan-blade-1 True 4.971818952981266e-05
cooling-fan-rivet-1-1 True 7.541179655845553e-05
cooling-fan-rivet-1-2 True 7.684230803306491e-05
cooling-fan-blade-2 True 1.2896824216568348e-05
cooling-fan-rivet-2-1 True 6.816185674551889e-05
cooling-fan-rivet-2-2 True 9.338142228898505e-05
cooling-fan-blade-3 True 9.268336810919209e-05
cooling-fan-rivet-3-1 True 8.667486451940931e-05
cooling-fan-rivet-3-2 True 8.996330507216044e-05
cooling-fan-blade-4 True 1.3751078256518667e-05
cooling-fan-rivet-4-1 True 8.145924840619045e-05
cooling-fan-rivet-4-2 True 8.203830896036379e-05
cooling-fan-blade-5 True 1.3751080871315935e-05
cooling-fan-rivet-5-1 True 8.511694682056259e-05
cooling-fan-rivet-5-2 True 7.824542679202295e-05
cooling-fan-blade-6 True 9.268336140166866e-05
cooling-fan-rivet-6-1 True 8.4642533337842e-05
cooling-fan-rivet-6-2 True 8.048039430263998e-05
cooling-fan-blade-7 True 1.2896824216568348e-05
cooling-fan-rivet-7-1 True 8.122442213220893e-05
cooling-fan-rivet-7-2 True 8.409224787442326e-05
cooling-fan-bolt-1 True 1.1615753180649335e-05
cooling-fan-bolt-2 True 1.1615753180649335e-05
cooling-fan-bolt-3 True 1.1615753180649335e-05
cooling-fan-bolt-4 True 1.1615753180649335e-05
water-pump-seal-carrier True 0.0004711151123046875
water-pump-seal-stationary-face True 0.0003491640090942383
water-pump-seal-rotating-face True 0.0003491640090942383
water-pump-seal-shaft-collar True 0.00017368793487548828
water-pump-seal-bellows True 0.0002143383026123047
