Cannot create cache home directory: '/Users/zacharyfleischmann/.cache/ezdxf', cache files will not be saved.
See also issue https://github.com/mozman/ezdxf/issues/923.
[
  {
    "a": "timing-cover",
    "b": "water-pump-housing",
    "total_mm3": 746.749982030308,
    "in_seal_backing_mm3": 152.8266797381727,
    "in_individual_bosses_mm3": [
      72.05214315973775,
      0.0,
      0.0,
      0.0
    ],
    "in_protected_union_mm3": 223.2533262903081,
    "outside_protected_union_mm3": 523.4966557510348,
    "axis_depth_bins_mm3": {
      "mount_backing_X375_378": 269.9819477303036,
      "rear_body_X378_389": 476.7680345239174,
      "forward_X389_500": 0.0
    }
  },
  {
    "a": "water-pump-housing",
    "b": "thermactor-engine-bolt-1",
    "total_mm3": 427.7297169797184,
    "in_seal_backing_mm3": 0.0,
    "in_individual_bosses_mm3": [
      0.0,
      0.0,
      0.0,
      0.0
    ],
    "in_protected_union_mm3": 0.0,
    "outside_protected_union_mm3": 427.7297169797184,
    "axis_depth_bins_mm3": {
      "mount_backing_X375_378": 0.0,
      "rear_body_X378_389": 426.1400126222342,
      "forward_X389_500": 1.5897043303870473
    }
  },
  {
    "a": "water-pump-housing",
    "b": "alternator-thermactor-common-carrier",
    "total_mm3": 3012.3003937033304,
    "in_seal_backing_mm3": 0.0,
    "in_individual_bosses_mm3": [
      0.0,
      0.0,
      0.0,
      0.0
    ],
    "in_protected_union_mm3": 0.0,
    "outside_protected_union_mm3": 3012.3003937033304,
    "axis_depth_bins_mm3": {
      "mount_backing_X375_378": 0.0,
      "rear_body_X378_389": 2432.1177267145094,
      "forward_X389_500": 580.1826693445304
    }
  },
  {
    "a": "water-pump-housing",
    "b": "timing-cover-mounting-screw-3",
    "total_mm3": 19.265671474864522,
    "in_seal_backing_mm3": 0.0,
    "in_individual_bosses_mm3": [
      19.265671474864522,
      0.0,
      0.0,
      0.0
    ],
    "in_protected_union_mm3": 19.265671474864522,
    "outside_protected_union_mm3": 0.0,
    "axis_depth_bins_mm3": {
      "mount_backing_X375_378": 0.0,
      "rear_body_X378_389": 19.265671474864522,
      "forward_X389_500": 0.0
    }
  },
  {
    "a": "heater-pump-return-elbow",
    "b": "alternator-thermactor-common-carrier",
    "total_mm3": 217.13510561615317,
    "in_seal_backing_mm3": 0.0,
    "in_individual_bosses_mm3": [
      0.0,
      0.0,
      0.0,
      0.0
    ],
    "in_protected_union_mm3": 0.0,
    "outside_protected_union_mm3": 217.13510561615317,
    "axis_depth_bins_mm3": {
      "mount_backing_X375_378": 0.0,
      "rear_body_X378_389": 0.0,
      "forward_X389_500": 217.13510561615317
    }
  }
]
