{
  "best": {
    "permutation": [
      3,
      2,
      0,
      1
    ],
    "handedness": 1,
    "scale_px_per_candidate_mm": 5.196806360106422,
    "rotation": [
      [
        0.7055727331251372,
        0.7086375083710461
      ],
      [
        -0.7086375083710458,
        0.7055727331251374
      ]
    ],
    "translation_math_px": [
      775.9114281108639,
      -1587.3849926409255
    ],
    "bolt_rms_px": 2.301817959537001,
    "fifth_error_px": 3.086095545472007,
    "shaft_error_px": 4.554740838033723
  },
  "roll": 45.12416711935644,
  "axes": {
    "source_inlet_deg": -4.509528774841443,
    "source_heater_near_root_deg": 78.69006752597979,
    "source_heater_OLS_deg": 77.34440753253482,
    "heater_fit_method": "Theil-Sen robust line; row1170 encounters collar flare; all samples retained, OLS result also reported.",
    "candidate_registered_inlet_deg": -4.875832880643565,
    "candidate_registered_heater_deg": 80.12416711935643,
    "source_heater_minus_inlet_deg": 83.19959630082121,
    "candidate_heater_minus_inlet_deg": 85.0,
    "inlet_samples_xy": [
      [
        1470,
        1640.0
      ],
      [
        1490,
        1641.5
      ],
      [
        1510,
        1643.0
      ],
      [
        1530,
        1644.5
      ],
      [
        1550,
        1646.5
      ],
      [
        1570,
        1647.5
      ],
      [
        1590,
        1649.5
      ],
      [
        1610,
        1651.0
      ]
    ],
    "heater_samples_xy": [
      [
        733.0,
        1080
      ],
      [
        731.0,
        1090
      ],
      [
        729.0,
        1100
      ],
      [
        727.0,
        1110
      ],
      [
        725.0,
        1120
      ],
      [
        723.0,
        1130
      ],
      [
        721.0,
        1140
      ],
      [
        719.0,
        1150
      ],
      [
        717.0,
        1160
      ],
      [
        710.5,
        1170
      ]
    ]
  },
  "features": {
    "heater_visible_root_cuff_axis": {
      "source_xy": [
        713,
        1180
      ],
      "candidate_registered_xy": [
        729.8503115240275,
        1189.51419145487
      ],
      "source_uncertainty_px": 15,
      "residual_px": 19.350783898764718,
      "source_radial_angle_deg": 98.77869550390085,
      "candidate_radial_angle_deg": 96.60367963508669,
      "radial_angle_difference_deg": -2.175015868814171,
      "source_radius_normalized_bolt_rms_radius": 1.1880910462228722,
      "candidate_radius_normalized_bolt_rms_radius": 1.1544098797410907,
      "source_over_candidate_projected_radius": 1.0291760899424522
    },
    "heater_terminal_opening_center": {
      "source_xy": [
        420,
        78
      ],
      "candidate_registered_xy": [
        383.33646655138375,
        177.14878465918696
      ],
      "source_uncertainty_px": 10,
      "residual_px": 105.71043555076116,
      "source_radial_angle_deg": 103.2679253671782,
      "candidate_radial_angle_deg": 105.55589048398647,
      "radial_angle_difference_deg": 2.287965116808266,
      "source_radius_normalized_bolt_rms_radius": 4.46968526878789,
      "candidate_radius_normalized_bolt_rms_radius": 4.219160448699257,
      "source_over_candidate_projected_radius": 1.0593778840920516
    },
    "inlet_terminal_rim_center": {
      "source_xy": [
        1666,
        1654
      ],
      "candidate_registered_xy": [
        1524.0712109440606,
        1682.5011172533636
      ],
      "source_uncertainty_px": 15,
      "residual_px": 144.76220103181402,
      "source_radial_angle_deg": -4.280087015649831,
      "candidate_radial_angle_deg": -7.24534094489885,
      "radial_angle_difference_deg": -2.9652539292490303,
      "source_radius_normalized_bolt_rms_radius": 2.572604913120547,
      "candidate_radius_normalized_bolt_rms_radius": 2.1737170726779165,
      "source_over_candidate_projected_radius": 1.1835049489449976
    }
  },
  "affine": {
    "bolt_rms_px": 1.0610428431095895,
    "axis_scale_ratio": 1.0119329442782945,
    "fifth_error_px": 0.951758038291721
  },
  "outline": [
    {
      "x_px": 1100,
      "source_threshold_y_bounds": [
        [
          1394.0,
          1807.0
        ],
        [
          1394.0,
          1807.0
        ],
        [
          1393.0,
          1807.0
        ],
        [
          1393.0,
          1808.0
        ]
      ],
      "candidate_y_bounds": [
        1475.104190624249,
        1775.959551946109
      ],
      "source_width_px_at220": 414.0,
      "candidate_width_px": 300.8553613218601
    },
    {
      "x_px": 1150,
      "source_threshold_y_bounds": [
        [
          1401.0,
          1811.0
        ],
        [
          1401.0,
          1811.0
        ],
        [
          1400.0,
          1812.0
        ],
        [
          1400.0,
          1812.0
        ]
      ],
      "candidate_y_bounds": [
        1521.7418122134764,
        1778.818358197216
      ],
      "source_width_px_at220": 412.0,
      "candidate_width_px": 257.0765459837396
    },
    {
      "x_px": 1200,
      "source_threshold_y_bounds": [
        [
          1407.0,
          1815.0
        ],
        [
          1407.0,
          1815.0
        ],
        [
          1407.0,
          1815.0
        ],
        [
          1406.0,
          1815.0
        ]
      ],
      "candidate_y_bounds": [
        1527.4094034820434,
        1781.6854716644334
      ],
      "source_width_px_at220": 408.0,
      "candidate_width_px": 254.27606818238996
    },
    {
      "x_px": 1250,
      "source_threshold_y_bounds": [
        [
          1417.0,
          1815.0
        ],
        [
          1416.0,
          1816.0
        ],
        [
          1416.0,
          1816.0
        ],
        [
          1416.0,
          1816.0
        ]
      ],
      "candidate_y_bounds": [
        1533.0769947506103,
        1784.5696894404539
      ],
      "source_width_px_at220": 400.0,
      "candidate_width_px": 251.49269468984357
    },
    {
      "x_px": 1300,
      "source_threshold_y_bounds": [
        [
          1432.0,
          1808.0
        ],
        [
          1432.0,
          1808.0
        ],
        [
          1431.0,
          1809.0
        ],
        [
          1431.0,
          1809.0
        ]
      ],
      "candidate_y_bounds": [
        1538.2103080291272,
        1788.5626619337554
      ],
      "source_width_px_at220": 378.0,
      "candidate_width_px": 250.35235390462822
    },
    {
      "x_px": 1350,
      "source_threshold_y_bounds": [
        [
          1451.0,
          1804.0
        ],
        [
          1451.0,
          1804.0
        ],
        [
          1450.0,
          1804.0
        ],
        [
          1450.0,
          1805.0
        ]
      ],
      "candidate_y_bounds": [
        1542.4755752304827,
        1792.827581345477
      ],
      "source_width_px_at220": 354.0,
      "candidate_width_px": 250.3520061149943
    },
    {
      "x_px": 1400,
      "source_threshold_y_bounds": [
        [
          1470.0,
          1799.0
        ],
        [
          1470.0,
          1800.0
        ],
        [
          1469.0,
          1800.0
        ],
        [
          1468.0,
          1800.0
        ]
      ],
      "candidate_y_bounds": [
        1546.740842431838,
        1797.0925007571989
      ],
      "source_width_px_at220": 331.0,
      "candidate_width_px": 250.35165832536086
    },
    {
      "x_px": 1450,
      "source_threshold_y_bounds": [
        [
          1509.0,
          1770.0
        ],
        [
          1508.0,
          1770.0
        ],
        [
          1507.0,
          1770.0
        ],
        [
          1506.0,
          1771.0
        ]
      ],
      "candidate_y_bounds": [
        1551.0061096331933,
        1801.3574201689205
      ],
      "source_width_px_at220": 263.0,
      "candidate_width_px": 250.35131053572718
    },
    {
      "x_px": 1500,
      "source_threshold_y_bounds": [
        [
          1512.0,
          1774.0
        ],
        [
          1511.0,
          1774.0
        ],
        [
          1510.0,
          1774.0
        ],
        [
          1509.0,
          1775.0
        ]
      ],
      "candidate_y_bounds": [
        1555.2713768345486,
        1813.4475718107024
      ],
      "source_width_px_at220": 264.0,
      "candidate_width_px": 258.17619497615374
    },
    {
      "x_px": 1550,
      "source_threshold_y_bounds": [
        [
          1517.0,
          1778.0
        ],
        [
          1514.0,
          1778.0
        ],
        [
          1514.0,
          1779.0
        ],
        [
          1513.0,
          1779.0
        ]
      ],
      "candidate_y_bounds": null,
      "source_width_px_at220": 265.0,
      "candidate_width_px": null
    },
    {
      "x_px": 1600,
      "source_threshold_y_bounds": [
        [
          1521.0,
          1782.0
        ],
        [
          1518.0,
          1783.0
        ],
        [
          1518.0,
          1783.0
        ],
        [
          1517.0,
          1783.0
        ]
      ],
      "candidate_y_bounds": null,
      "source_width_px_at220": 265.0,
      "candidate_width_px": null
    }
  ],
  "sensitivity": {
    "roll_deg": {
      "min": 44.845148849976496,
      "max": 45.40976132548947,
      "p2_5": 44.9418016438816,
      "p97_5": 45.314881317058564
    },
    "scale_px_per_candidate_mm": {
      "min": 5.166203198051529,
      "max": 5.223951403634162,
      "p2_5": 5.179819947266403,
      "p97_5": 5.213270964996271
    },
    "source_heater_minus_inlet_angle_deg": {
      "min": 79.46472275566873,
      "max": 85.80689580808621,
      "p2_5": 80.35302424213921,
      "p97_5": 84.28553911042229
    }
  }
}
