{
  "held_out_fifth": {
    "normal_fifth_residual_px": 1.4991766401075481,
    "swapped_side_holes_fifth_residual_px": 101.85467588715234,
    "fifth_shift_20px_residual_px": 18.508507836150716
  },
  "common_face": {
    "cover_rectified_candidate_mm": [
      [
        -101.81779052137668,
        -26.845118712306295
      ],
      [
        -50.610730591204735,
        2.073305300597482
      ],
      [
        -8.953487381534948,
        82.57556749771715
      ],
      [
        79.19588516364111,
        185.54695724375387
      ],
      [
        201.14427334980437,
        158.63210839725292
      ],
      [
        235.81024677301636,
        80.27003123018675
      ],
      [
        210.71276933649338,
        -0.5267830225979827
      ]
    ],
    "normalized_cover_relative_pump_center_over_side_bolt_span": [
      [
        -0.526911714744124,
        -1.48558122886967
      ],
      [
        -0.14045434401780682,
        -1.267335187702392
      ],
      [
        0.17393099082603372,
        -0.6597882473265279
      ],
      [
        0.8391903279455074,
        0.11733218480827973
      ],
      [
        1.7595293110271844,
        -0.08579296498354275
      ],
      [
        2.02115184825294,
        -0.6771880255070943
      ],
      [
        1.8317423184887267,
        -1.2869579369562747
      ]
    ],
    "normalizing_side_bolt_span_candidate_mm": 132.50377353117156,
    "current_axis_gap_mm": 18.238205559349677,
    "source_conditional_axis_gap_candidate_mm": 25.94893687786261,
    "source_gap_over_pump_side_span": 0.19583545574842148
  },
  "proposed_cover_similarity": {
    "scale": 0.9390978468410368,
    "rotation_deg": 5.380909860071184,
    "row_vector_rotation_matrix": [
      [
        0.9955932648957756,
        0.09377660099497317
      ],
      [
        -0.09377660099497315,
        0.9955932648957755
      ]
    ],
    "offset_candidate_mm": [
      6.89273289950485,
      -10.182420758948055
    ],
    "axes_candidate_mm": [
      [
        -103.94872467277304,
        -27.105614510693343
      ],
      [
        -51.04964523053632,
        2.3262459318815623
      ],
      [
        -8.021811503605134,
        81.78652691499843
      ],
      [
        80.60907558025129,
        184.06048674811132
      ],
      [
        201.3187027821209,
        157.50322916546025
      ],
      [
        235.8705900261657,
        81.58587027856969
      ],
      [
        210.7029791472154,
        1.5693234062757586
      ]
    ],
    "residuals_candidate_mm": [
      2.1467972467293297,
      0.5065817047367234,
      1.2209033469908155,
      2.0510245459317775,
      1.1422757752973107,
      1.3172219666593663,
      2.096129292045681
    ],
    "rms_candidate_mm": 1.603402443827304,
    "rms_reprojected_pixels": 3.0201954394256383,
    "leave_one_out_residuals_candidate_mm": [
      3.7228045455376226,
      0.7075040683276163,
      1.5166471470721756,
      2.65963307037447,
      1.6039275448730053,
      1.880713541553513,
      2.9169700876731324
    ],
    "gap_candidate_mm": 27.137692129900245,
    "nominal_radial_margin_to_R11_5_pump_R8_75_cover_head_mm": 6.887692129900245,
    "nominal_radial_margin_to_R11_5_pump_R10_5_tool_mm": 5.137692129900245,
    "method": "Proper similarity fitted to seven source holes in the pump-rectified block face. No overlap witness or clearance term in fit."
  },
  "sensitivity": {
    "seed": 473203,
    "trials": 2000,
    "columns": [
      "raw_gap",
      "similarity_gap",
      "scale",
      "rotation_deg",
      "offset_y",
      "offset_z",
      "fit_rms"
    ],
    "p2_5_p50_p97_5": [
      [
        23.8939878023713,
        24.000716740285714,
        0.8893052424218033,
        3.489570746669059,
        4.119434480071087,
        -19.323211252600554,
        1.4229082815205625
      ],
      [
        26.03237541740279,
        27.46589383934656,
        0.9406449054036405,
        5.315732774334882,
        7.010712264599391,
        -10.478574270079122,
        3.10737635139379
      ],
      [
        28.254339991493346,
        31.139698759389734,
        0.999811206791364,
        7.274169420310081,
        10.137521578397394,
        -2.227061684703323,
        7.473447390139997
      ]
    ],
    "limits": "Pixel selection only, not statistical confidence, no lens/flatness/pump-pattern calibration uncertainty."
  }
}
