Cannot create cache home directory: '/Users/zacharyfleischmann/.cache/ezdxf', cache files will not be saved.
See also issue https://github.com/mozman/ezdxf/issues/923.
{
  "checks": {
    "seal_land_face": {
      "missing_mm2": 0.0
    },
    "seal_backing": {
      "missing_mm3": 0.0
    },
    "dry_boss_1": {
      "missing_mm3": 0.0
    },
    "dry_bore_1": {
      "obstruction_mm3": 0.0
    },
    "bolt_seat_1": {
      "missing_mm2": 0.0
    },
    "dry_boss_2": {
      "missing_mm3": 0.0
    },
    "dry_bore_2": {
      "obstruction_mm3": 0.0
    },
    "bolt_seat_2": {
      "missing_mm2": 0.0
    },
    "dry_boss_3": {
      "missing_mm3": 0.0
    },
    "dry_bore_3": {
      "obstruction_mm3": 0.0
    },
    "bolt_seat_3": {
      "missing_mm2": 0.0
    },
    "dry_boss_4": {
      "missing_mm3": 0.0
    },
    "dry_bore_4": {
      "obstruction_mm3": 0.0
    },
    "bolt_seat_4": {
      "missing_mm2": 0.0
    },
    "fifth_aperture": {
      "obstruction_mm3": 0.0
    },
    "actual_head_seat_1": {
      "area_mm2": 88.27024507467462,
      "missing_mm2": 0.0
    },
    "actual_head_seat_2": {
      "area_mm2": 88.27024507467462,
      "missing_mm2": 0.0
    },
    "actual_head_seat_3": {
      "area_mm2": 88.27024507467462,
      "missing_mm2": 0.0
    },
    "actual_head_seat_4": {
      "area_mm2": 88.27024507467462,
      "missing_mm2": 0.0
    },
    "rotor": {
      "actual_impeller_outside_swept_envelope_mm3": 0.0,
      "housing_swept_overlap_mm3": 0.0,
      "housing_clearance_guard_overlap_mm3": 0.0,
      "radial_clearance_guard_mm": 0.5,
      "analytic_source": "cad/engine/water_pump.py build impeller disk/six boxes"
    },
    "inlet_path": {
      "obstruction_mm3": 0.0
    },
    "heater_path": {
      "obstruction_mm3": 0.0
    },
    "housing_tube": {
      "overlap_mm3": 0.0
    },
    "dry_axial_bore": {
      "obstruction_mm3": 0.0
    },
    "wall_join": {
      "missing_mm3": 0.0,
      "witness_volume_mm3": 17.53639576247825,
      "intended_cavity_communication_mm3": 9.537855435506232
    },
    "wall_bend": {
      "missing_mm3": 0.0,
      "witness_volume_mm3": 62.798214575750386,
      "intended_cavity_communication_mm3": 0.0
    },
    "wall_round": {
      "missing_mm3": 0.0,
      "witness_volume_mm3": 55.294648697592486,
      "intended_cavity_communication_mm3": 0.0
    },
    "wall_mouth": {
      "missing_mm3": 0.0,
      "witness_volume_mm3": 55.2920306906506,
      "intended_cavity_communication_mm3": 0.0
    },
    "valid": {
      "housing": true,
      "housing_solids": 1,
      "tube": true
    }
  },
  "controls": {
    "backing_notch_missing_mm3": 42.089211887233,
    "shifted_face_missing_mm2": 2902.749772490504,
    "blocked_inlet_mm3": 18.315832657343535,
    "plugged_bore_mm3": 813.2326743082559
  }
}
