Cannot create cache home directory: '/Users/zacharyfleischmann/.cache/ezdxf', cache files will not be saved.
See also issue https://github.com/mozman/ezdxf/issues/923.
REGION seal_land_face {'missing_mm2': 0.0}
REGION seal_backing {'missing_mm3': 0.0}
REGION dry_boss_1 {'missing_mm3': 0.0}
REGION dry_bore_1 {'obstruction_mm3': 0.0}
REGION bolt_seat_1 {'missing_mm2': 0.0}
REGION dry_boss_2 {'missing_mm3': 0.0}
REGION dry_bore_2 {'obstruction_mm3': 0.0}
REGION bolt_seat_2 {'missing_mm2': 0.0}
REGION dry_boss_3 {'missing_mm3': 0.0}
REGION dry_bore_3 {'obstruction_mm3': 0.0}
REGION bolt_seat_3 {'missing_mm2': 0.0}
REGION dry_boss_4 {'missing_mm3': 0.0}
REGION dry_bore_4 {'obstruction_mm3': 0.0}
REGION bolt_seat_4 {'missing_mm2': 0.0}
REGION fifth_aperture {'obstruction_mm3': 0.0}
SCREW 1
SCREW 2
SCREW 3
SCREW 4
ROTOR HOUSING/BLOCK INTERSECTIONS START
START housing_overlap_mm3
DONE housing_overlap_mm3 0.0
START block_overlap_mm3
DONE block_overlap_mm3 0.0
START housing_guard_overlap_mm3
DONE housing_guard_overlap_mm3 0.0
START block_guard_overlap_mm3
DONE block_guard_overlap_mm3 0.0
ROTOR DONE, PATHS START
PATHS DONE, HUB START
{
  "checks": {
    "seal_land_face": {
      "missing_mm2": 0.0
    },
    "seal_backing": {
      "missing_mm3": 0.0
    },
    "dry_boss_1": {
      "missing_mm3": 0.0
    },
    "dry_bore_1": {
      "obstruction_mm3": 0.0
    },
    "bolt_seat_1": {
      "missing_mm2": 0.0
    },
    "dry_boss_2": {
      "missing_mm3": 0.0
    },
    "dry_bore_2": {
      "obstruction_mm3": 0.0
    },
    "bolt_seat_2": {
      "missing_mm2": 0.0
    },
    "dry_boss_3": {
      "missing_mm3": 0.0
    },
    "dry_bore_3": {
      "obstruction_mm3": 0.0
    },
    "bolt_seat_3": {
      "missing_mm2": 0.0
    },
    "dry_boss_4": {
      "missing_mm3": 0.0
    },
    "dry_bore_4": {
      "obstruction_mm3": 0.0
    },
    "bolt_seat_4": {
      "missing_mm2": 0.0
    },
    "fifth_aperture": {
      "obstruction_mm3": 0.0
    },
    "gasket_block_backing": {
      "required_area_mm2": 3331.5778857940186,
      "missing_mm2": 0.0
    },
    "actual_screw_1": {
      "seat_area_mm2": 88.2702450746746,
      "missing_seat_mm2": 0.0,
      "block_overlap_mm3": 0.0,
      "housing_overlap_mm3": 0.0,
      "socket_obstruction_mm3": 0.0,
      "one_mm_blind_floor_missing_mm3": 0.0,
      "nominal_tip_x": 357.25,
      "nominal_engagement_mm": 15.75,
      "clearance_socket_radius_mm": 4.3,
      "smooth_shank_radius_mm": 4.0,
      "thread_engagement_status": "NOT MODELED / unverified"
    },
    "actual_screw_2": {
      "seat_area_mm2": 88.2702450746746,
      "missing_seat_mm2": 0.0,
      "block_overlap_mm3": 0.0,
      "housing_overlap_mm3": 0.0,
      "socket_obstruction_mm3": 0.0,
      "one_mm_blind_floor_missing_mm3": 0.0,
      "nominal_tip_x": 357.25,
      "nominal_engagement_mm": 15.75,
      "clearance_socket_radius_mm": 4.3,
      "smooth_shank_radius_mm": 4.0,
      "thread_engagement_status": "NOT MODELED / unverified"
    },
    "actual_screw_3": {
      "seat_area_mm2": 88.27024507467462,
      "missing_seat_mm2": 0.0,
      "block_overlap_mm3": 0.0,
      "housing_overlap_mm3": 0.0,
      "socket_obstruction_mm3": 0.0,
      "one_mm_blind_floor_missing_mm3": 0.0,
      "nominal_tip_x": 357.25,
      "nominal_engagement_mm": 15.75,
      "clearance_socket_radius_mm": 4.3,
      "smooth_shank_radius_mm": 4.0,
      "thread_engagement_status": "NOT MODELED / unverified"
    },
    "actual_screw_4": {
      "seat_area_mm2": 88.2702450746746,
      "missing_seat_mm2": 0.0,
      "block_overlap_mm3": 0.0,
      "housing_overlap_mm3": 0.0,
      "socket_obstruction_mm3": 0.0,
      "one_mm_blind_floor_missing_mm3": 0.0,
      "nominal_tip_x": 357.25,
      "nominal_engagement_mm": 15.75,
      "clearance_socket_radius_mm": 4.3,
      "smooth_shank_radius_mm": 4.0,
      "thread_engagement_status": "NOT MODELED / unverified"
    },
    "rotor": {
      "containment_proof": "Inherited functional exact containment under common rigid transform; no new Boolean containment claimed",
      "housing_overlap_mm3": 0.0,
      "block_overlap_mm3": 0.0,
      "housing_guard_overlap_mm3": 0.0,
      "block_guard_overlap_mm3": 0.0
    },
    "inlet_path": {
      "obstruction_mm3": 16.24331452696924
    },
    "heater_path": {
      "obstruction_mm3": 0.0
    },
    "fifth_path": {
      "obstruction_mm3": 0.0
    },
    "housing_tube": {
      "overlap_mm3": 0.0
    },
    "dry_axial_bore": {
      "obstruction_mm3": 0.0
    },
    "block_chamber": {
      "obstruction_mm3": 0.0
    },
    "block_fifth": {
      "obstruction_mm3": 0.0
    },
    "hub_seat_water-pump-drive-hub": {
      "area_mm2": 2982.9343706018744,
      "missing_mm2": 0.0
    },
    "hub_seat_water-pump-pulley": {
      "area_mm2": 2982.9343706018744,
      "missing_mm2": 0.0
    },
    "height": {
      "mounting_x": 375,
      "hub_seat_x": 473.43,
      "difference_mm": 98.43,
      "source": "Carterreplacement comparison, not factory measurement"
    }
  },
  "controls": {
    "missing_boss_mm3": 593.7358555053895,
    "shifted_face_mm2": 3331.577885801693,
    "plugged_bore_mm3": 813.2326743082557,
    "blocked_fifth_mm3": 1.468091157602795
  }
}
