Cannot create cache home directory: '/Users/zacharyfleischmann/.cache/ezdxf', cache files will not be saved.
See also issue https://github.com/mozman/ezdxf/issues/923.
PUMP BUILD START
parts water-pump-drive-hub 1 True
parts water-pump-bearing 1 True
parts water-pump-slinger 1 True
parts water-pump-pulley-bolt-1 1 True
parts water-pump-pulley-bolt-2 1 True
parts water-pump-pulley-bolt-3 1 True
parts water-pump-pulley-bolt-4 1 True
parts fan-clutch-input-shaft 1 True
parts fan-clutch-housing 1 True
parts fan-clutch-bearing 1 True
parts fan-clutch-shaft-seal 1 True
parts fan-clutch-drive-rotor 1 True
parts fan-clutch-reservoir-partition 1 True
parts fan-clutch-front-cover 1 True
parts fan-clutch-control-valve 1 True
parts fan-clutch-thermal-spring 1 True
parts cooling-fan-spider 1 True
parts cooling-fan-blade-1 1 True
parts cooling-fan-rivet-1-1 1 True
parts cooling-fan-rivet-1-2 1 True
parts cooling-fan-blade-2 1 True
parts cooling-fan-rivet-2-1 1 True
parts cooling-fan-rivet-2-2 1 True
parts cooling-fan-blade-3 1 True
parts cooling-fan-rivet-3-1 1 True
parts cooling-fan-rivet-3-2 1 True
parts cooling-fan-blade-4 1 True
parts cooling-fan-rivet-4-1 1 True
parts cooling-fan-rivet-4-2 1 True
parts cooling-fan-blade-5 1 True
parts cooling-fan-rivet-5-1 1 True
parts cooling-fan-rivet-5-2 1 True
parts cooling-fan-blade-6 1 True
parts cooling-fan-rivet-6-1 1 True
parts cooling-fan-rivet-6-2 1 True
parts cooling-fan-blade-7 1 True
parts cooling-fan-rivet-7-1 1 True
parts cooling-fan-rivet-7-2 1 True
parts cooling-fan-bolt-1 1 True
parts cooling-fan-bolt-2 1 True
parts cooling-fan-bolt-3 1 True
parts cooling-fan-bolt-4 1 True
parts water-pump-seal-carrier 1 True
parts water-pump-seal-stationary-face 1 True
parts water-pump-seal-rotating-face 1 True
parts water-pump-seal-shaft-collar 1 True
parts water-pump-seal-bellows 1 True
parts water-pump-seal-spring 1 True
parts water-pump-shaft 1 True
parts water-pump-pulley 1 True
parts heater-pump-return-elbow 1 True
parts water-pump-housing 1 True
parts water-pump-gasket 1 True
parts water-pump-impeller 1 True
parts water-pump-mounting-screw-1 1 True
parts water-pump-mounting-screw-2 1 True
parts water-pump-mounting-screw-3 1 True
parts water-pump-mounting-screw-4 1 True
regions seal_land_face 0 True
regions seal_backing 1 True
regions dry_boss_1 1 True
regions dry_bore_1 1 True
regions bolt_seat_1 0 True
regions dry_boss_2 1 True
regions dry_bore_2 1 True
regions bolt_seat_2 0 True
regions dry_boss_3 1 True
regions dry_bore_3 1 True
regions bolt_seat_3 0 True
regions dry_boss_4 1 True
regions dry_bore_4 1 True
regions bolt_seat_4 0 True
regions fifth_aperture 1 True
BLOCK BUILD START
parts block 1 True
block_features old_block 1 True
block_features retired_void_fills 6 True
block_features new_land 1 True
block_features new_support_1 1 True
block_features new_support_2 1 True
block_features new_support_3 1 True
block_features new_support_4 1 True
block_features new_void_chamber 1 True
block_features new_void_fifth 1 True
block_features new_void_socket_1 1 True
block_features new_void_socket_2 1 True
block_features new_void_socket_3 1 True
block_features new_void_socket_4 1 True
DONE
