Cannot create cache home directory: '/Users/zacharyfleischmann/.cache/ezdxf', cache files will not be saved.
See also issue https://github.com/mozman/ezdxf/issues/923.
REGION seal_land_face {'missing_mm2': 0.0}
REGION seal_backing {'missing_mm3': 0.0}
REGION dry_boss_1 {'missing_mm3': 0.0}
REGION dry_bore_1 {'obstruction_mm3': 0.0}
REGION bolt_seat_1 {'missing_mm2': 0.0}
REGION dry_boss_2 {'missing_mm3': 0.0}
REGION dry_bore_2 {'obstruction_mm3': 0.0}
REGION bolt_seat_2 {'missing_mm2': 0.0}
REGION dry_boss_3 {'missing_mm3': 0.0}
REGION dry_bore_3 {'obstruction_mm3': 0.0}
REGION bolt_seat_3 {'missing_mm2': 0.0}
REGION dry_boss_4 {'missing_mm3': 0.0}
REGION dry_bore_4 {'obstruction_mm3': 0.0}
REGION bolt_seat_4 {'missing_mm2': 0.0}
REGION fifth_aperture {'obstruction_mm3': 0.0}
SCREW 1
SCREW 2
SCREW 3
SCREW 4
ROTOR HOUSING/BLOCK INTERSECTIONS START
START housing_overlap_mm3
DONE housing_overlap_mm3 0.0
START block_overlap_mm3
DONE block_overlap_mm3 0.0
START housing_guard_overlap_mm3
