Cannot create cache home directory: '/Users/zacharyfleischmann/.cache/ezdxf', cache files will not be saved.
See also issue https://github.com/mozman/ezdxf/issues/923.
{'part': 'cad/engine/generated/crank-clockwise-candidate/crankshaft.step', 'new_overlap_mm3': 0.0, 'old_overlap_mm3': 0.0}
{'part': 'cad/engine/generated/cam-clockwise-candidate/camshaft.step', 'new_overlap_mm3': 0.0, 'old_overlap_mm3': 0.0}
{'part': 'cad/engine/generated/timing-coupled-core-candidate/rear-cam-plug.step', 'new_overlap_mm3': 0.0, 'old_overlap_mm3': 0.0}
{'part': 'cad/engine/generated/timing-coupled-core-candidate/cam-timing-key.step', 'new_overlap_mm3': 0.0, 'old_overlap_mm3': 0.0}
{'part': 'cad/engine/generated/timing-coupled-core-candidate/cam-bearing-3.step', 'new_overlap_mm3': 0.0, 'old_overlap_mm3': 0.0}
{'part': 'cad/engine/generated/timing-coupled-core-candidate/cam-bearing-2.step', 'new_overlap_mm3': 0.0, 'old_overlap_mm3': 0.0}
{'part': 'cad/engine/generated/timing-coupled-core-candidate/cam-gear-spacer.step', 'new_overlap_mm3': 0.0, 'old_overlap_mm3': 0.0}
{'part': 'cad/engine/generated/timing-coupled-core-candidate/cam-thrust-washer-2.step', 'new_overlap_mm3': 0.0, 'old_overlap_mm3': 0.0}
{'part': 'cad/engine/generated/timing-coupled-core-candidate/cam-thrust-bolt-2.step', 'new_overlap_mm3': 0.0, 'old_overlap_mm3': 0.0}
{'part': 'cad/engine/generated/timing-coupled-core-candidate/cam-timing-gear.step', 'new_overlap_mm3': 0.0, 'old_overlap_mm3': 0.0}
{'part': 'cad/engine/generated/timing-coupled-core-candidate/cam-bearing-4.step', 'new_overlap_mm3': 0.0, 'old_overlap_mm3': 0.0}
{'part': 'cad/engine/generated/timing-coupled-core-candidate/cam-thrust-bolt-1.step', 'new_overlap_mm3': 0.0, 'old_overlap_mm3': 0.0}
{'part': 'cad/engine/generated/timing-coupled-core-candidate/cam-thrust-washer-1.step', 'new_overlap_mm3': 0.0, 'old_overlap_mm3': 0.0}
{'part': 'cad/engine/generated/timing-coupled-core-candidate/cam-bearing-1.step', 'new_overlap_mm3': 0.0, 'old_overlap_mm3': 0.0}
{'part': 'cad/engine/generated/timing-coupled-core-candidate/cam-thrust-plate.step', 'new_overlap_mm3': 0.0, 'old_overlap_mm3': 0.0}
{'part': 'cad/engine/generated/timing-coupled-core-candidate/crank-timing-gear.step', 'new_overlap_mm3': 0.0, 'old_overlap_mm3': 0.0}
{'part': 'cad/engine/generated/front-seal-2692-candidate/damper-hub.step', 'new_overlap_mm3': 0.0, 'old_overlap_mm3': 0.0}
{'part': 'cad/engine/generated/front-seal-2692-candidate/seal-case-installed.step', 'new_overlap_mm3': 0.0, 'old_overlap_mm3': 0.0}
{'part': 'cad/engine/generated/front-seal-2692-candidate/seal-elastomer.step', 'new_overlap_mm3': 0.0, 'old_overlap_mm3': 0.0}
{'part': 'cad/engine/generated/front-seal-2692-candidate/seal-garter-spring.step', 'new_overlap_mm3': 0.0, 'old_overlap_mm3': 0.0}
{'part': 'cad/engine/generated/timing-cover-attachment-v2/main-gasket.step', 'new_overlap_mm3': 0.0, 'old_overlap_mm3': 0.0}
{'part': 'cad/engine/generated/timing-cover-attachment-v2/front-terminal-sealant.step', 'new_overlap_mm3': 0.0, 'old_overlap_mm3': 0.0}
{'part': 'cad/engine/generated/timing-pan21-lateral-candidate/cover.step', 'new_overlap_mm3': 0.0, 'old_overlap_mm3': 0.0}
{'part': 'cad/engine/generated/timing-pan21-lateral-candidate/pan.step', 'new_overlap_mm3': 0.0, 'old_overlap_mm3': 0.0}
{'part': 'cad/engine/generated/timing-pan21-lateral-candidate/pan-gasket.step', 'new_overlap_mm3': 0.0, 'old_overlap_mm3': 0.0}
{'part': 'water-pump-gasket', 'new_overlap_mm3': 0.0, 'old_overlap_mm3': 0.0}
{'part': 'water-pump-housing', 'new_overlap_mm3': 0.0, 'old_overlap_mm3': 0.0}
{'part': 'water-pump-impeller', 'new_overlap_mm3': 0.0, 'old_overlap_mm3': 0.0}
{'part': 'water-pump-shaft', 'new_overlap_mm3': 0.0, 'old_overlap_mm3': 0.0}
{'part': 'oil-pump-housing', 'new_overlap_mm3': 0.0, 'old_overlap_mm3': 0.0}
{'part': 'oil-pump-mount-bolt-1', 'new_overlap_mm3': 0.0, 'old_overlap_mm3': 0.0}
{'part': 'oil-pump-mount-bolt-2', 'new_overlap_mm3': 0.0, 'old_overlap_mm3': 0.0}
{'actual_neighbors_clear': True, 'changed_stock_all_angle': True, 'metrics_verified': True}
