Cannot create cache home directory: '/Users/zacharyfleischmann/.cache/ezdxf', cache files will not be saved.
See also issue https://github.com/mozman/ezdxf/issues/923.
{'station': 1, 'position_mm': (-344.0, 116.6, -39.6), 'male_pan': 0.0, 'washer_pan': 0.0, 'pan_seat_missing': 0.0, 'gasket_seat_missing': 0.0}
{'station': 2, 'position_mm': (-267.55555555555554, 116.6, -39.6), 'male_pan': 0.0, 'washer_pan': 0.0, 'pan_seat_missing': 0.0, 'gasket_seat_missing': 0.0}
{'station': 3, 'position_mm': (-191.11111111111111, 116.6, -39.6), 'male_pan': 0.0, 'washer_pan': 0.0, 'pan_seat_missing': 0.0, 'gasket_seat_missing': 0.0}
{'station': 4, 'position_mm': (-114.66666666666666, 116.6, -39.6), 'male_pan': 0.0, 'washer_pan': 0.0, 'pan_seat_missing': 0.0, 'gasket_seat_missing': 0.0}
{'station': 5, 'position_mm': (-38.22222222222223, 116.6, -39.6), 'male_pan': 0.0, 'washer_pan': 0.0, 'pan_seat_missing': 0.0, 'gasket_seat_missing': 0.0}
{'station': 6, 'position_mm': (38.22222222222223, 116.6, -39.6), 'male_pan': 0.0, 'washer_pan': 0.0, 'pan_seat_missing': 0.0, 'gasket_seat_missing': 0.0}
{'station': 7, 'position_mm': (114.66666666666669, 116.6, -39.6), 'male_pan': 0.0, 'washer_pan': 0.0, 'pan_seat_missing': 0.0, 'gasket_seat_missing': 0.0}
{'station': 8, 'position_mm': (191.1111111111111, 116.6, -39.6), 'male_pan': 0.0, 'washer_pan': 0.0, 'pan_seat_missing': 0.0, 'gasket_seat_missing': 0.0}
{'station': 9, 'position_mm': (267.55555555555554, 116.6, -39.6), 'male_pan': 0.0, 'washer_pan': 0.0, 'pan_seat_missing': 0.0, 'gasket_seat_missing': 0.0}
{'station': 10, 'position_mm': (365.5, 196.0, -32.1), 'male_pan': 0.0, 'washer_pan': 0.0, 'pan_seat_missing': 0.0, 'gasket_seat_missing': 0.0}
{'station': 11, 'position_mm': (-344.0, -131.0, -39.6), 'male_pan': 0.0, 'washer_pan': 0.0, 'pan_seat_missing': 0.0, 'gasket_seat_missing': 0.0}
{'station': 12, 'position_mm': (-267.55555555555554, -131.0, -39.6), 'male_pan': 0.0, 'washer_pan': 0.0, 'pan_seat_missing': 0.0, 'gasket_seat_missing': 0.0}
{'station': 13, 'position_mm': (-191.11111111111111, -131.0, -39.6), 'male_pan': 0.0, 'washer_pan': 0.0, 'pan_seat_missing': 0.0, 'gasket_seat_missing': 0.0}
{'station': 14, 'position_mm': (-114.66666666666666, -131.0, -39.6), 'male_pan': 0.0, 'washer_pan': 0.0, 'pan_seat_missing': 0.0, 'gasket_seat_missing': 0.0}
{'station': 15, 'position_mm': (-38.22222222222223, -131.0, -39.6), 'male_pan': 0.0, 'washer_pan': 0.0, 'pan_seat_missing': 0.0, 'gasket_seat_missing': 0.0}
{'station': 16, 'position_mm': (38.22222222222223, -131.0, -39.6), 'male_pan': 0.0, 'washer_pan': 0.0, 'pan_seat_missing': 0.0, 'gasket_seat_missing': 0.0}
{'station': 17, 'position_mm': (114.66666666666669, -131.0, -39.6), 'male_pan': 0.0, 'washer_pan': 0.0, 'pan_seat_missing': 0.0, 'gasket_seat_missing': 0.0}
{'station': 18, 'position_mm': (191.1111111111111, -131.0, -39.6), 'male_pan': 0.0, 'washer_pan': 0.0, 'pan_seat_missing': 0.0, 'gasket_seat_missing': 0.0}
{'station': 19, 'position_mm': (267.55555555555554, -131.0, -39.6), 'male_pan': 0.0, 'washer_pan': 0.0, 'pan_seat_missing': 0.0, 'gasket_seat_missing': 0.0}
{'station': 20, 'position_mm': (365.5, -132.0, -32.1), 'male_pan': 0.0, 'washer_pan': 0.0, 'pan_seat_missing': 0.0, 'gasket_seat_missing': 0.0}
{'station': 21, 'position_mm': (390.0, -95.0, -32.1), 'male_pan': 0.0, 'washer_pan': 0.0, 'pan_seat_missing': 0.0, 'gasket_seat_missing': 0.0}
{'station': 22, 'position_mm': (390.0, 180.0, -32.1), 'male_pan': 0.0, 'washer_pan': 0.0, 'pan_seat_missing': 0.0, 'gasket_seat_missing': 0.0}
{'station': 23, 'position_mm': (390.0, 0.0, -67.0), 'male_pan': 0.0, 'washer_pan': 0.0, 'pan_seat_missing': 0.0, 'gasket_seat_missing': 0.0}
{'station': 24, 'position_mm': (-371.0, -85.0, -39.6), 'male_pan': 0.0, 'washer_pan': 0.0, 'pan_seat_missing': 0.0, 'gasket_seat_missing': 0.0}
{'station': 25, 'position_mm': (-371.0, 85.0, -39.6), 'male_pan': 0.0, 'washer_pan': 0.0, 'pan_seat_missing': 0.0, 'gasket_seat_missing': 0.0}
locality
witnesses
mesh
wrote
