{
  "status": "candidate-not-production-accepted",
  "valid": true,
  "solids": 1,
  "volume_mm3": 12101.568416213468,
  "bounds_mm": [
    [
      378.5,
      72.99999999999964,
      456.0
    ],
    [
      465.0,
      124.0,
      524.0
    ]
  ],
  "mesh_watertight": true,
  "checks": [
    {
      "id": "throttle-housing",
      "distance_mm": 0.0,
      "overlap_mm3": 0
    },
    {
      "id": "throttle-gasket",
      "distance_mm": 6.0,
      "overlap_mm3": 0
    },
    {
      "id": "iac-valve-body",
      "distance_mm": 33.13608305156178,
      "overlap_mm3": 0
    },
    {
      "id": "tps-housing",
      "distance_mm": 110.09200697598351,
      "overlap_mm3": 0
    },
    {
      "id": "efi-upper-intake",
      "distance_mm": 7.5,
      "overlap_mm3": 0
    },
    {
      "id": "stud-464.0",
      "distance_mm": 0.39999999999842,
      "overlap_mm3": 0
    },
    {
      "id": "baseline-nut-464.0",
      "distance_mm": 0.0,
      "overlap_mm3": 73.28592318608582
    },
    {
      "id": "candidate-shifted-nut-464.0",
      "distance_mm": 0.0,
      "overlap_mm3": 0
    },
    {
      "id": "stud-516.0",
      "distance_mm": 0.39999999999847535,
      "overlap_mm3": 0
    },
    {
      "id": "baseline-nut-516.0",
      "distance_mm": 0.0,
      "overlap_mm3": 73.28592318608631
    },
    {
      "id": "candidate-shifted-nut-516.0",
      "distance_mm": 0.0,
      "overlap_mm3": 0
    },
    {
      "id": "plate--27-angle-0",
      "distance_mm": 58.98027955944841,
      "overlap_mm3": 0
    },
    {
      "id": "plate-27-angle-0",
      "distance_mm": 15.295148636818027,
      "overlap_mm3": 0
    },
    {
      "id": "plate--27-angle-45",
      "distance_mm": 58.69892129669719,
      "overlap_mm3": 0
    },
    {
      "id": "plate-27-angle-45",
      "distance_mm": 11.33437777407728,
      "overlap_mm3": 0
    },
    {
      "id": "plate--27-angle-90",
      "distance_mm": 59.248727081760144,
      "overlap_mm3": 0
    },
    {
      "id": "plate-27-angle-90",
      "distance_mm": 18.30390564188194,
      "overlap_mm3": 0
    },
    {
      "id": "throttle-shaft",
      "distance_mm": 5.0,
      "overlap_mm3": 0
    }
  ],
  "housing_coplanar_contact_area_mm2": 369.7314775237985,
  "params": {
    "thickness": 2.0,
    "mount_x": 378.5,
    "mount_y": 74.0,
    "mount_z": [
      464.0,
      516.0
    ],
    "hole_r": 4.4,
    "web_y": 93.0,
    "tip_x": 465.0,
    "cable_y": 110.0
  },
  "source_dimension_count": 0,
  "baseline_datum_count": 5,
  "limitations": [
    "Photo-informed teaching candidate only; every bracket dimension and installed handedness is assumed. Exact 1994 manual-transmission variant is unconfirmed.",
    "Preserves accepted stud axes. Mounting requires both positive-Y nuts shifted +2 mm X, exposing a baseline stud-length/engagement question.",
    "Sharp bend intersections replace production bend radii; cable clips, linkage, load strength and motion sweep are not validated."
  ],
  "input_hashes": {
    "/Users/zacharyfleischmann/projects/truck/truck-build/cad/engine/pilot/throttle-bracket/candidate.py": "9da07e2bcf757ab2e259d6970c394feed8a3dc67d44bfcbb5f17d3d34f2ffdb7",
    "/Users/zacharyfleischmann/projects/truck/truck-build/scripts/pilot/throttle-bracket/build_check.py": "f352eea2b4a2019bfa7b329e5a153301a5b36e052a6bf4398588ca78c946059f",
    "/Users/zacharyfleischmann/projects/truck/truck-build/reference/engine/pilot/throttle-bracket/salvage-photo.jpg": "3e9b6869d02ccf76ef4fd0f70c2e7fb304cc7713d77f87e28864e8b4e58f7422",
    "/private/tmp/truck-desktop-integration-20260925/inventory/engine/full-assembly.json": "821f7d3bb47d49a00ffb2975fa5faffcd306fe90bea48ce7c0d6308cd636653f"
  }
}
