Cannot create cache home directory: '/Users/zacharyfleischmann/.cache/ezdxf', cache files will not be saved.
See also issue https://github.com/mozman/ezdxf/issues/923.
/Users/zacharyfleischmann/projects/truck/truck-build/.venv-cad/lib/python3.13/site-packages/build123d/exporters3d.py:295: UserWarning: Unknown Compound type, color not set
  doc = _create_xde(to_export, unit)
{
  "status": "PASS",
  "checks": {
    "valid_one_positive_solid": true,
    "bounds": true,
    "mesh_watertight": true,
    "mesh_winding": true,
    "mesh_one_component": true,
    "cad_probes": true,
    "mesh_probes": true,
    "controls": true
  },
  "bounds_error_mm": {
    "cad_nominal": 1.0000000116860974e-07,
    "step_roundtrip": 0.0,
    "mesh_cad": 0.005195772750475669
  },
  "environment": {
    "python": "3.13.12 (main, Apr  6 2026, 11:54:17) [Clang 17.0.0 (clang-1700.0.13.5)]",
    "platform": "macOS-15.6.1-arm64-arm-64bit-Mach-O",
    "packages": {
      "build123d": "0.10.0",
      "cadquery-ocp": "7.8.1.1.post1",
      "numpy": "2.5.3",
      "trimesh": "4.7.4"
    }
  },
  "negative_controls": {
    "missing-floor": {
      "rejected": true,
      "failed_probe_names": [
        "floor-center",
        "floor",
        "floor",
        "floor",
        "floor",
        "floor",
        "floor",
        "floor",
        "floor",
        "floor",
        "floor",
        "floor",
        "floor"
      ]
    },
    "blocked-opening": {
      "rejected": true,
      "failed_probe_names": [
        "opening",
        "opening",
        "opening",
        "opening",
        "opening",
        "opening",
        "opening",
        "opening",
        "opening",
        "opening",
        "opening",
        "opening"
      ]
    }
  }
}
