Using Python 3.13.12 environment at: /private/tmp/truck-cadgen-pilot-20261003
WARN Skipping file for numpy: numpy-1.0.1.dev3460.win32-py2.4.exe
WARN Skipping file for numpy: numpy-1.3.0.win32-py2.5.exe
WARN Skipping file for numpy: numpy-1.5.0.win32-py2.6.exe
WARN Skipping file for numpy: numpy-1.5.1.win32-py2.5-nosse.exe
WARN Skipping file for numpy: numpy-1.5.1.win32-py2.6-nosse.exe
WARN Skipping file for numpy: numpy-1.5.1.win32-py2.7-nosse.exe
WARN Skipping file for numpy: numpy-1.5.1.win32-py3.1-nosse.exe
WARN Skipping file for numpy: numpy-1.6.0.win32-py2.5.exe
WARN Skipping file for numpy: numpy-1.6.0.win32-py2.6.exe
WARN Skipping file for numpy: numpy-1.6.0.win32-py2.7.exe
WARN Skipping file for numpy: numpy-1.6.0.win32-py3.1.exe
WARN Skipping file for numpy: numpy-1.6.0.win32-py3.2.exe
WARN Skipping file for numpy: numpy-1.6.1.win32-py2.5.exe
WARN Skipping file for numpy: numpy-1.6.1.win32-py2.6.exe
WARN Skipping file for numpy: numpy-1.6.1.win32-py2.7.exe
WARN Skipping file for numpy: numpy-1.6.1.win32-py3.1.exe
WARN Skipping file for numpy: numpy-1.6.1.win32-py3.2.exe
WARN Skipping file for numpy: numpy-1.6.2.win32-py2.5.exe
WARN Skipping file for numpy: numpy-1.6.2.win32-py2.6.exe
WARN Skipping file for numpy: numpy-1.6.2.win32-py2.7.exe
WARN Skipping file for numpy: numpy-1.6.2.win32-py3.1.exe
WARN Skipping file for numpy: numpy-1.6.2.win32-py3.2.exe
WARN Skipping file for numpy: numpy-1.7.0.win32-py2.5.exe
WARN Skipping file for numpy: numpy-1.7.0.win32-py2.6.exe
WARN Skipping file for numpy: numpy-1.7.0.win32-py2.7.exe
WARN Skipping file for numpy: numpy-1.7.0.win32-py3.1.exe
WARN Skipping file for numpy: numpy-1.7.0.win32-py3.2.exe
WARN Skipping file for numpy: numpy-1.7.0.win32-py3.3.exe
WARN Skipping file for numpy: numpy-1.7.1.win32-py2.5.exe
WARN Skipping file for numpy: numpy-1.7.1.win32-py2.6.exe
WARN Skipping file for numpy: numpy-1.7.1.win32-py2.7.exe
WARN Skipping file for numpy: numpy-1.7.1.win32-py3.1.exe
WARN Skipping file for numpy: numpy-1.7.1.win32-py3.2.exe
WARN Skipping file for numpy: numpy-1.7.1.win32-py3.3.exe
Resolved 2 packages in 420ms
Prepared 1 package in 164ms
Installed 1 package in 6ms
 + trimesh==4.12.2
